{"level":"info","message":"Recuperando posts","service":"user-service"}
{"level":"info","message":"Posts","service":"user-service"}
{"level":"info","message":"Posts recuperados com sucesso","service":"user-service"}
{"level":"info","message":"Posts recuperados com sucesso","service":"user-service"}
{"level":"info","message":"Posts recuperados com sucesso","service":"user-service"}
{"level":"info","message":"Posts recuperados com sucesso","service":"user-service"}
{"level":"info","message":"Posts recuperados com sucesso","service":"user-service"}
{"level":"info","message":"Posts recuperados com sucesso","service":"user-service"}
{"level":"info","message":"Posts recuperados com sucesso","service":"user-service"}
{"level":"info","message":"Posts recuperados com sucesso","service":"user-service"}
{"level":"info","message":"Posts recuperados com sucesso","service":"user-service"}
{"level":"info","message":"Posts recuperados com sucesso","service":"user-service"}
{"level":"info","message":"Posts recuperados com sucesso","service":"user-service"}
{"level":"info","message":"Posts recuperados com sucesso","service":"user-service"}
{"level":"info","message":"Posts recuperados com sucesso","service":"user-service"}
{"level":"info","message":"Posts recuperados com sucesso","service":"user-service"}
{"level":"info","message":"Posts recuperados com sucesso","service":"user-service"}
{"level":"info","message":"Posts recuperados com sucesso","service":"user-service"}
{"level":"info","message":"Posts recuperados com sucesso","service":"user-service"}
{"level":"info","message":"Posts recuperados com sucesso","service":"user-service"}
{"level":"info","message":"Posts recuperados com sucesso","service":"user-service"}
{"level":"info","message":"Posts recuperados com sucesso","service":"user-service"}
{"level":"info","message":"Posts recuperados com sucesso","service":"user-service"}
{"level":"info","message":"Posts recuperados com sucesso","service":"user-service"}
{"level":"info","message":"Posts recuperados com sucesso","service":"user-service"}
{"level":"info","message":"Posts recuperados com sucesso","service":"user-service"}
{"level":"info","message":"Posts recuperados com sucesso","service":"user-service"}
{"level":"info","message":"Posts recuperados com sucesso","service":"user-service"}
{"level":"info","message":"Posts recuperados com sucesso","service":"user-service"}
{"level":"info","message":"Posts recuperados com sucesso","service":"user-service"}
{"level":"info","message":"Posts recuperados com sucesso","service":"user-service"}
{"level":"info","message":"Posts recuperados com sucesso","service":"user-service"}
{"level":"info","message":"Posts recuperados com sucesso","service":"user-service"}
{"level":"info","message":"Posts recuperados com sucesso","service":"user-service"}
{"level":"info","message":"Posts recuperados com sucesso","service":"user-service"}
{"level":"info","message":"Posts recuperados com sucesso","service":"user-service"}
{"level":"info","message":"Posts recuperados com sucesso","service":"user-service"}
{"level":"info","message":"Posts recuperados com sucesso","service":"user-service"}
{"level":"info","message":"Posts recuperados com sucesso","service":"user-service"}
{"level":"info","message":"Posts recuperados com sucesso","service":"user-service"}
{"level":"info","message":"Posts recuperados com sucesso","service":"user-service"}
{"level":"info","message":"Posts recuperados com sucesso","service":"user-service"}
{"level":"info","message":"Posts recuperados com sucesso","service":"user-service"}
{"level":"info","message":"Posts recuperados com sucesso","service":"user-service"}
{"level":"info","message":"Posts recuperados com sucesso","service":"user-service"}
{"level":"info","message":"Posts recuperados com sucesso","service":"user-service"}
{"level":"info","message":"Posts recuperados com sucesso","service":"user-service"}
{"level":"info","message":"Posts recuperados com sucesso","service":"user-service"}
{"level":"info","message":"Posts recuperados com sucesso","service":"user-service"}
{"level":"info","message":"Posts recuperados com sucesso","service":"user-service"}
{"level":"info","message":"Posts recuperados com sucesso","service":"user-service"}
{"level":"info","message":"Posts recuperados com sucesso","service":"user-service"}
{"level":"info","message":"Posts recuperados com sucesso","service":"user-service"}
{"level":"info","message":"Posts recuperados com sucesso","service":"user-service"}
{"level":"info","message":"Posts recuperados com sucesso","service":"user-service"}
{"level":"info","message":"Posts recuperados com sucesso","service":"user-service"}
{"level":"info","message":"Posts recuperados com sucesso","service":"user-service"}
{"level":"info","message":"Posts recuperados com sucesso","service":"user-service"}
{"level":"info","message":"Posts recuperados com sucesso","service":"user-service"}
{"level":"info","message":"Posts recuperados com sucesso","service":"user-service"}
{"level":"info","message":"Posts recuperados com sucesso","service":"user-service"}
{"level":"info","message":"Posts recuperados com sucesso","service":"user-service"}
{"level":"info","message":"Posts recuperados com sucesso","service":"user-service"}
{"level":"info","message":"Posts recuperados com sucesso","service":"user-service"}
{"level":"info","message":"Posts recuperados com sucesso","service":"user-service"}
{"level":"info","message":"Posts recuperados com sucesso","service":"user-service"}
{"level":"info","message":"Posts recuperados com sucesso","service":"user-service"}
{"level":"info","message":"Posts recuperados com sucesso","service":"user-service"}
{"level":"info","message":"Posts recuperados com sucesso","service":"user-service"}
{"level":"info","message":"Posts recuperados com sucesso","service":"user-service"}
{"level":"info","message":"Posts recuperados com sucesso","service":"user-service"}
{"level":"info","message":"Posts recuperados com sucesso","service":"user-service"}
{"level":"info","message":"Posts recuperados com sucesso","service":"user-service"}
{"level":"info","message":"Posts recuperados com sucesso","service":"user-service"}
{"level":"info","message":"Posts recuperados com sucesso","service":"user-service"}
{"level":"info","message":"Posts recuperados com sucesso","service":"user-service"}
{"level":"info","message":"Posts recuperados com sucesso","service":"user-service"}
{"level":"info","message":"Posts recuperados com sucesso","service":"user-service"}
{"level":"error","message":"Ops, não foi possível recuperar os posts","service":"user-service"}
{"level":"error","message":"Problema ao recuperar os posts","service":"user-service"}
{"level":"error","message":"Ops, não foi possível recuperar os posts","service":"user-service"}
{"level":"error","message":"Problema ao recuperar os posts","service":"user-service"}
{"level":"error","message":"Ops, não foi possível recuperar os posts","service":"user-service"}
{"level":"error","message":"Problema ao recuperar os posts","service":"user-service"}
{"level":"error","message":"Ops, não foi possível recuperar os posts","service":"user-service"}
{"level":"error","message":"Problema ao recuperar os posts","service":"user-service"}
{"level":"error","message":"Ops, não foi possível recuperar os posts","service":"user-service"}
{"level":"error","message":"Problema ao recuperar os posts","service":"user-service"}
{"level":"error","message":"Ops, não foi possível recuperar os posts","service":"user-service"}
{"level":"error","message":"Problema ao recuperar os posts","service":"user-service"}
{"level":"error","message":"Ops, não foi possível recuperar os posts","service":"user-service"}
{"level":"error","message":"Problema ao recuperar os posts","service":"user-service"}
{"level":"error","message":"Ops, não foi possível recuperar os posts","service":"user-service"}
{"level":"error","message":"Problema ao recuperar os posts","service":"user-service"}
{"level":"info","message":"Posts recuperados com sucesso","service":"user-service"}
{"level":"info","message":"Posts recuperados com sucesso","service":"user-service"}
{"level":"info","message":"Posts recuperados com sucesso","service":"user-service"}
{"level":"info","message":"Posts recuperados com sucesso","service":"user-service"}
{"level":"info","message":"Posts recuperados com sucesso","service":"user-service"}
{"level":"info","message":"Posts recuperados com sucesso","service":"user-service"}
{"level":"info","message":"Posts recuperados com sucesso","service":"user-service"}
{"level":"info","message":"Posts recuperados com sucesso","service":"user-service"}
{"level":"info","message":"Posts recuperados com sucesso","service":"user-service"}
{"level":"info","message":"Posts recuperados com sucesso","service":"user-service"}
{"level":"info","message":"Posts recuperados com sucesso","service":"user-service"}
{"level":"info","message":"Posts recuperados com sucesso","service":"user-service"}
{"level":"info","message":"Posts recuperados com sucesso","service":"user-service"}
{"level":"info","message":"Posts recuperados com sucesso","service":"user-service"}
{"level":"info","message":"Posts recuperados com sucesso","service":"user-service"}
{"level":"info","message":"Posts recuperados com sucesso","service":"user-service"}
{"level":"info","message":"Posts recuperados com sucesso","service":"user-service"}
{"level":"info","message":"Posts recuperados com sucesso","service":"user-service"}
{"level":"info","message":"Posts recuperados com sucesso","service":"user-service"}
{"level":"info","message":"Posts recuperados com sucesso","service":"user-service"}
{"level":"info","message":"Posts recuperados com sucesso","service":"user-service"}
{"level":"info","message":"Posts recuperados com sucesso","service":"user-service"}
{"level":"info","message":"Posts recuperados com sucesso","service":"user-service"}
{"level":"info","message":"Posts recuperados com sucesso","service":"user-service"}
{"level":"info","message":"Posts recuperados com sucesso","service":"user-service"}
{"level":"info","message":"Posts recuperados com sucesso","service":"user-service"}
{"level":"info","message":"Posts recuperados com sucesso","service":"user-service"}
{"level":"info","message":"Posts recuperados com sucesso","service":"user-service"}
{"level":"info","message":"Posts recuperados com sucesso","service":"user-service"}
{"level":"info","message":"Posts recuperados com sucesso","service":"user-service"}
{"level":"info","message":"Posts recuperados com sucesso","service":"user-service"}
{"level":"info","message":"Posts recuperados com sucesso","service":"user-service"}
{"level":"info","message":"Posts recuperados com sucesso","service":"user-service"}
{"level":"info","message":"Posts recuperados com sucesso","service":"user-service"}
{"level":"info","message":"Posts recuperados com sucesso","service":"user-service"}
{"level":"info","message":"Posts recuperados com sucesso","service":"user-service"}
{"level":"info","message":"Posts recuperados com sucesso","service":"user-service"}
{"level":"info","message":"Posts recuperados com sucesso","service":"user-service"}
{"level":"info","message":"Posts recuperados com sucesso","service":"user-service"}
{"level":"info","message":"Posts recuperados com sucesso","service":"user-service"}
{"level":"info","message":"Posts recuperados com sucesso","service":"user-service"}
{"level":"info","message":"Posts recuperados com sucesso","service":"user-service"}
{"level":"info","message":"Posts recuperados com sucesso","service":"user-service"}
{"level":"info","message":"Posts recuperados com sucesso","service":"user-service"}
{"level":"info","message":"Posts recuperados com sucesso","service":"user-service"}
{"level":"info","message":"Posts recuperados com sucesso","service":"user-service"}
{"level":"info","message":"Posts recuperados com sucesso","service":"user-service"}
{"level":"info","message":"Posts recuperados com sucesso","service":"user-service"}
{"level":"info","message":"Posts recuperados com sucesso","service":"user-service"}
{"level":"info","message":"Posts recuperados com sucesso","service":"user-service"}
{"level":"info","message":"Posts recuperados com sucesso","service":"user-service"}
{"level":"info","message":"Posts recuperados com sucesso","service":"user-service"}
{"level":"info","message":"Posts recuperados com sucesso","service":"user-service"}
{"level":"info","message":"Posts recuperados com sucesso","service":"user-service"}
{"level":"info","message":"Posts recuperados com sucesso","service":"user-service"}
{"level":"info","message":"Posts recuperados com sucesso","service":"user-service"}
{"level":"info","message":"Posts recuperados com sucesso","service":"user-service"}
{"level":"info","message":"Posts recuperados com sucesso","service":"user-service"}
{"level":"info","message":"Posts recuperados com sucesso","service":"user-service"}
{"level":"info","message":"Posts recuperados com sucesso","service":"user-service"}
{"level":"info","message":"Posts recuperados com sucesso","service":"user-service"}
{"level":"info","message":"Posts recuperados com sucesso","service":"user-service"}
{"level":"info","message":"Posts recuperados com sucesso","service":"user-service"}
{"level":"info","message":"Posts recuperados com sucesso","service":"user-service"}
{"level":"info","message":"Posts recuperados com sucesso","service":"user-service"}
{"level":"info","message":"Posts recuperados com sucesso","service":"user-service"}
{"level":"info","message":"Posts recuperados com sucesso","service":"user-service"}
{"level":"info","message":"Posts recuperados com sucesso","service":"user-service"}
{"level":"info","message":"Posts recuperados com sucesso","service":"user-service"}
{"level":"info","message":"Posts recuperados com sucesso","service":"user-service"}
{"level":"info","message":"Posts recuperados com sucesso","service":"user-service"}
{"level":"info","message":"Posts recuperados com sucesso","service":"user-service"}
{"level":"info","message":"Posts recuperados com sucesso","service":"user-service"}
{"level":"info","message":"Posts recuperados com sucesso","service":"user-service"}
{"level":"info","message":"Posts recuperados com sucesso","service":"user-service"}
{"level":"info","message":"Posts recuperados com sucesso","service":"user-service"}
{"level":"info","message":"Posts recuperados com sucesso","service":"user-service"}
{"level":"info","message":"Posts recuperados com sucesso","service":"user-service"}
{"level":"info","message":"Posts recuperados com sucesso","service":"user-service"}
{"level":"info","message":"Posts recuperados com sucesso","service":"user-service"}
{"level":"info","message":"Posts recuperados com sucesso","service":"user-service"}
{"level":"info","message":"Posts recuperados com sucesso","service":"user-service"}
{"level":"info","message":"Posts recuperados com sucesso","service":"user-service"}
{"level":"info","message":"Posts recuperados com sucesso","service":"user-service"}
{"level":"info","message":"Posts recuperados com sucesso","service":"user-service"}
{"level":"info","message":"Posts recuperados com sucesso","service":"user-service"}
{"level":"info","message":"Posts recuperados com sucesso","service":"user-service"}
{"level":"info","message":"Posts recuperados com sucesso","service":"user-service"}
{"level":"info","message":"Posts recuperados com sucesso","service":"user-service"}
{"level":"info","message":"Posts recuperados com sucesso","service":"user-service"}
{"level":"info","message":"Posts recuperados com sucesso","service":"user-service"}
{"level":"info","message":"Posts recuperados com sucesso","service":"user-service"}
{"level":"info","message":"Posts recuperados com sucesso","service":"user-service"}
{"level":"info","message":"Posts recuperados com sucesso","service":"user-service"}
{"level":"info","message":"Posts recuperados com sucesso","service":"user-service"}
{"level":"info","message":"Posts recuperados com sucesso","service":"user-service"}
{"level":"info","message":"Posts recuperados com sucesso","service":"user-service"}
{"level":"info","message":"Posts recuperados com sucesso","service":"user-service"}
{"level":"info","message":"Posts recuperados com sucesso","service":"user-service"}
{"level":"info","message":"Posts recuperados com sucesso","service":"user-service"}
{"level":"info","message":"Posts recuperados com sucesso","service":"user-service"}
{"level":"info","message":"Posts recuperados com sucesso","service":"user-service"}
{"level":"info","message":"Posts recuperados com sucesso","service":"user-service"}
{"level":"info","message":"Posts recuperados com sucesso","service":"user-service"}
{"level":"info","message":"Posts recuperados com sucesso","service":"user-service"}
{"level":"info","message":"Posts recuperados com sucesso","service":"user-service"}
{"level":"info","message":"Posts recuperados com sucesso","service":"user-service"}
{"level":"info","message":"Posts recuperados com sucesso","service":"user-service"}
{"level":"info","message":"Posts recuperados com sucesso","service":"user-service"}
{"level":"info","message":"Posts recuperados com sucesso","service":"user-service"}
{"level":"info","message":"Posts recuperados com sucesso","service":"user-service"}
{"level":"info","message":"Posts recuperados com sucesso","service":"user-service"}
{"level":"info","message":"Posts recuperados com sucesso","service":"user-service"}
{"level":"info","message":"Posts recuperados com sucesso","service":"user-service"}
{"level":"info","message":"Posts recuperados com sucesso","service":"user-service"}
{"level":"info","message":"Posts recuperados com sucesso","service":"user-service"}
{"level":"info","message":"Posts recuperados com sucesso","service":"user-service"}
{"level":"info","message":"Posts recuperados com sucesso","service":"user-service"}
{"level":"info","message":"Posts recuperados com sucesso","service":"user-service"}
{"level":"info","message":"Posts recuperados com sucesso","service":"user-service"}
{"level":"info","message":"Posts recuperados com sucesso","service":"user-service"}
{"level":"info","message":"Posts recuperados com sucesso","service":"user-service"}
{"level":"info","message":"Posts recuperados com sucesso","service":"user-service"}
{"level":"info","message":"Posts recuperados com sucesso","service":"user-service"}
{"level":"info","message":"Posts recuperados com sucesso","service":"user-service"}
{"level":"info","message":"Posts recuperados com sucesso","service":"user-service"}
{"level":"info","message":"Posts recuperados com sucesso","service":"user-service"}
{"level":"info","message":"Posts recuperados com sucesso","service":"user-service"}
{"level":"info","message":"Posts recuperados com sucesso","service":"user-service"}
{"level":"info","message":"Posts recuperados com sucesso","service":"user-service"}
{"level":"info","message":"Posts recuperados com sucesso","service":"user-service"}
{"level":"info","message":"Posts recuperados com sucesso","service":"user-service"}
{"level":"info","message":"Posts recuperados com sucesso","service":"user-service"}
